// Jest Snapshot v1, https://goo.gl/fbAQLP

exports[`Should render the tools 1`] = `ShallowWrapper {}`;
